Archive member included to satisfy reference by file (symbol)

./bin/lib/ti/drivers/release/libdrivers.a(gpio_v2.o)
                              main.o (GPIOModuleReset)
./bin/lib/ti/platform/release/libplatform.a(gpio.o)
                              main.o (GPIO1ModuleClkConfig)
./bin/lib/ti/system_config/release/libsystem_config.a(init.o)
                              (Entry)
./bin/lib/ti/system_config/release/libsystem_config.a(startup.o)
                              ./bin/lib/ti/system_config/release/libsystem_config.a(init.o) (start_boot)
./bin/lib/ti/system_config/release/libsystem_config.a(cp15.o)
                              ./bin/lib/ti/system_config/release/libsystem_config.a(startup.o) (CP15VectorBaseAddrSet)
./bin/lib/ti/system_config/release/libsystem_config.a(exceptionhandler.o)
                              ./bin/lib/ti/system_config/release/libsystem_config.a(startup.o) (FIQHandler)
./bin/lib/ti/system_config/release/libsystem_config.a(interrupt.o)
                              ./bin/lib/ti/system_config/release/libsystem_config.a(exceptionhandler.o) (fnRAMVectors)
./bin/lib/ti/system_config/release/libsystem_config.a(cpu.o)
                              ./bin/lib/ti/system_config/release/libsystem_config.a(exceptionhandler.o) (CPUAbortHandler)
./bin/lib/rtos/release/librtos.a(portISR.o)
                              ./bin/lib/ti/system_config/release/libsystem_config.a(startup.o) (SVC_Handler)
./bin/lib/rtos/release/librtos.a(tasks.o)
                              main.o (xTaskCreate)
./bin/lib/rtos/release/librtos.a(heap_1.o)
                              ./bin/lib/rtos/release/librtos.a(tasks.o) (pvPortMalloc)
./bin/lib/rtos/release/librtos.a(list.o)
                              ./bin/lib/rtos/release/librtos.a(tasks.o) (vListInitialise)
./bin/lib/rtos/release/librtos.a(port.o)
                              ./bin/lib/rtos/release/librtos.a(tasks.o) (pxPortInitialiseStack)
./bin/lib/ti/drivers/release/libdrivers.a(dmtimer.o)
                              ./bin/lib/rtos/release/librtos.a(port.o) (DMTimerEnable)
./bin/lib/ti/platform/release/libplatform.a(dmtimer.o)
                              ./bin/lib/rtos/release/librtos.a(port.o) (DMTimer2ModuleClkConfig)
./bin/lib/ti/system_config/release/libsystem_config.a(cache.o)
                              ./bin/lib/rtos/release/librtos.a(port.o) (CacheEnable)

Allocating common symbols
Common symbol       size              file

fnRAMVectors        0x200             ./bin/lib/ti/system_config/release/libsystem_config.a(interrupt.o)

Discarded input sections

 .text          0x0000000000000000        0x0 main.o
 .data          0x0000000000000000        0x0 main.o
 .bss           0x0000000000000000        0x0 main.o
 .text          0x0000000000000000        0x0 ./bin/lib/ti/drivers/release/libdrivers.a(gpio_v2.o)
 .data          0x0000000000000000        0x0 ./bin/lib/ti/drivers/release/libdrivers.a(gpio_v2.o)
 .bss           0x0000000000000000        0x0 ./bin/lib/ti/drivers/release/libdrivers.a(gpio_v2.o)
 .text.GPIOModuleDisable
                0x0000000000000000       0x10 ./bin/lib/ti/drivers/release/libdrivers.a(gpio_v2.o)
 .text.GPIODirModeGet
                0x0000000000000000       0x18 ./bin/lib/ti/drivers/release/libdrivers.a(gpio_v2.o)
 .text.GPIOPinRead
                0x0000000000000000       0x10 ./bin/lib/ti/drivers/release/libdrivers.a(gpio_v2.o)
 .text.GPIOMultiplePinsWrite
                0x0000000000000000        0xc ./bin/lib/ti/drivers/release/libdrivers.a(gpio_v2.o)
 .text.GPIOMultiplePinsRead
                0x0000000000000000        0xc ./bin/lib/ti/drivers/release/libdrivers.a(gpio_v2.o)
 .text.GPIOPinIntEnable
                0x0000000000000000       0x18 ./bin/lib/ti/drivers/release/libdrivers.a(gpio_v2.o)
 .text.GPIOPinIntDisable
                0x0000000000000000       0x18 ./bin/lib/ti/drivers/release/libdrivers.a(gpio_v2.o)
 .text.GPIOIntTypeSet
                0x0000000000000000      0x1b0 ./bin/lib/ti/drivers/release/libdrivers.a(gpio_v2.o)
 .text.GPIOIntTypeGet
                0x0000000000000000       0x50 ./bin/lib/ti/drivers/release/libdrivers.a(gpio_v2.o)
 .text.GPIOPinIntStatus
                0x0000000000000000       0x18 ./bin/lib/ti/drivers/release/libdrivers.a(gpio_v2.o)
 .text.GPIOPinIntClear
                0x0000000000000000       0x18 ./bin/lib/ti/drivers/release/libdrivers.a(gpio_v2.o)
 .text.GPIORawIntStatus
                0x0000000000000000       0x14 ./bin/lib/ti/drivers/release/libdrivers.a(gpio_v2.o)
 .text.GPIOTriggerPinInt
                0x0000000000000000       0x18 ./bin/lib/ti/drivers/release/libdrivers.a(gpio_v2.o)
 .text.GPIOWakeupGlobalEnable
                0x0000000000000000       0x10 ./bin/lib/ti/drivers/release/libdrivers.a(gpio_v2.o)
 .text.GPIOWakeupGlobalDisable
                0x0000000000000000       0x10 ./bin/lib/ti/drivers/release/libdrivers.a(gpio_v2.o)
 .text.GPIOPinIntWakeUpEnable
                0x0000000000000000       0x28 ./bin/lib/ti/drivers/release/libdrivers.a(gpio_v2.o)
 .text.GPIOPinIntWakeUpDisable
                0x0000000000000000       0x28 ./bin/lib/ti/drivers/release/libdrivers.a(gpio_v2.o)
 .text.GPIOAutoIdleModeControl
                0x0000000000000000       0x20 ./bin/lib/ti/drivers/release/libdrivers.a(gpio_v2.o)
 .text.GPIOIdleModeConfigure
                0x0000000000000000       0x20 ./bin/lib/ti/drivers/release/libdrivers.a(gpio_v2.o)
 .text.GPIOGatingRatioConfigure
                0x0000000000000000       0x20 ./bin/lib/ti/drivers/release/libdrivers.a(gpio_v2.o)
 .text.GPIODebounceFuncControl
                0x0000000000000000       0x20 ./bin/lib/ti/drivers/release/libdrivers.a(gpio_v2.o)
 .text.GPIODebounceTimeConfig
                0x0000000000000000        0xc ./bin/lib/ti/drivers/release/libdrivers.a(gpio_v2.o)
 .text.GPIORevisionInfoGet
                0x0000000000000000        0x8 ./bin/lib/ti/drivers/release/libdrivers.a(gpio_v2.o)
 .text.gpioContextSave
                0x0000000000000000       0x1c ./bin/lib/ti/drivers/release/libdrivers.a(gpio_v2.o)
 .text.gpioContextRestore
                0x0000000000000000       0x1c ./bin/lib/ti/drivers/release/libdrivers.a(gpio_v2.o)
 .text          0x0000000000000000        0x0 ./bin/lib/ti/platform/release/libplatform.a(gpio.o)
 .data          0x0000000000000000        0x0 ./bin/lib/ti/platform/release/libplatform.a(gpio.o)
 .bss           0x0000000000000000        0x0 ./bin/lib/ti/platform/release/libplatform.a(gpio.o)
 .text.GPIO1Pin23PinMuxSetup
                0x0000000000000000       0x14 ./bin/lib/ti/platform/release/libplatform.a(gpio.o)
 .text.GPIO0ModuleClkConfig
                0x0000000000000000       0xdc ./bin/lib/ti/platform/release/libplatform.a(gpio.o)
 .text.GPIO1PinMuxSetup
                0x0000000000000000       0x1c ./bin/lib/ti/platform/release/libplatform.a(gpio.o)
 .text.GpioPinMuxSetup
                0x0000000000000000       0x10 ./bin/lib/ti/platform/release/libplatform.a(gpio.o)
 .data          0x0000000000000000        0x0 ./bin/lib/ti/system_config/release/libsystem_config.a(init.o)
 .bss           0x0000000000000000        0x0 ./bin/lib/ti/system_config/release/libsystem_config.a(init.o)
 .text          0x0000000000000000        0x0 ./bin/lib/ti/system_config/release/libsystem_config.a(startup.o)
 .data          0x0000000000000000        0x0 ./bin/lib/ti/system_config/release/libsystem_config.a(startup.o)
 .bss           0x0000000000000000        0x0 ./bin/lib/ti/system_config/release/libsystem_config.a(startup.o)
 .rodata.AM335X_VECTOR_BASE
                0x0000000000000000        0x4 ./bin/lib/ti/system_config/release/libsystem_config.a(startup.o)
 .data          0x0000000000000000        0x0 ./bin/lib/ti/system_config/release/libsystem_config.a(cp15.o)
 .bss           0x0000000000000000        0x0 ./bin/lib/ti/system_config/release/libsystem_config.a(cp15.o)
 .data          0x0000000000000000        0x0 ./bin/lib/ti/system_config/release/libsystem_config.a(exceptionhandler.o)
 .bss           0x0000000000000000        0x0 ./bin/lib/ti/system_config/release/libsystem_config.a(exceptionhandler.o)
 .text          0x0000000000000000        0x0 ./bin/lib/ti/system_config/release/libsystem_config.a(interrupt.o)
 .data          0x0000000000000000        0x0 ./bin/lib/ti/system_config/release/libsystem_config.a(interrupt.o)
 .bss           0x0000000000000000        0x0 ./bin/lib/ti/system_config/release/libsystem_config.a(interrupt.o)
 .text.IntUnRegister
                0x0000000000000000       0x18 ./bin/lib/ti/system_config/release/libsystem_config.a(interrupt.o)
 .text.IntSystemDisable
                0x0000000000000000       0x24 ./bin/lib/ti/system_config/release/libsystem_config.a(interrupt.o)
 .text.IntIfClkFreeRunSet
                0x0000000000000000       0x18 ./bin/lib/ti/system_config/release/libsystem_config.a(interrupt.o)
 .text.IntIfClkAutoGateSet
                0x0000000000000000       0x18 ./bin/lib/ti/system_config/release/libsystem_config.a(interrupt.o)
 .text.IntSpurIrqFlagGet
                0x0000000000000000       0x14 ./bin/lib/ti/system_config/release/libsystem_config.a(interrupt.o)
 .text.IntProtectionEnable
                0x0000000000000000       0x14 ./bin/lib/ti/system_config/release/libsystem_config.a(interrupt.o)
 .text.IntProtectionDisable
                0x0000000000000000       0x18 ./bin/lib/ti/system_config/release/libsystem_config.a(interrupt.o)
 .text.IntSyncClkFreeRunSet
                0x0000000000000000       0x18 ./bin/lib/ti/system_config/release/libsystem_config.a(interrupt.o)
 .text.IntSyncClkAutoGateSet
                0x0000000000000000       0x18 ./bin/lib/ti/system_config/release/libsystem_config.a(interrupt.o)
 .text.IntFuncClkFreeRunSet
                0x0000000000000000       0x18 ./bin/lib/ti/system_config/release/libsystem_config.a(interrupt.o)
 .text.IntFuncClkAutoGateSet
                0x0000000000000000       0x18 ./bin/lib/ti/system_config/release/libsystem_config.a(interrupt.o)
 .text.IntCurrIrqPriorityGet
                0x0000000000000000       0x14 ./bin/lib/ti/system_config/release/libsystem_config.a(interrupt.o)
 .text.IntPriorityThresholdGet
                0x0000000000000000       0x14 ./bin/lib/ti/system_config/release/libsystem_config.a(interrupt.o)
 .text.IntPriorityThresholdSet
                0x0000000000000000       0x14 ./bin/lib/ti/system_config/release/libsystem_config.a(interrupt.o)
 .text.IntRawStatusGet
                0x0000000000000000       0x24 ./bin/lib/ti/system_config/release/libsystem_config.a(interrupt.o)
 .text.IntSoftwareIntSet
                0x0000000000000000       0x20 ./bin/lib/ti/system_config/release/libsystem_config.a(interrupt.o)
 .text.IntSoftwareIntClear
                0x0000000000000000       0x20 ./bin/lib/ti/system_config/release/libsystem_config.a(interrupt.o)
 .text.IntPendingIrqMaskedStatusGet
                0x0000000000000000       0x24 ./bin/lib/ti/system_config/release/libsystem_config.a(interrupt.o)
 .text.IntMasterIRQDisable
                0x0000000000000000       0x14 ./bin/lib/ti/system_config/release/libsystem_config.a(interrupt.o)
 .text.IntMasterFIQEnable
                0x0000000000000000       0x14 ./bin/lib/ti/system_config/release/libsystem_config.a(interrupt.o)
 .text.IntMasterFIQDisable
                0x0000000000000000       0x14 ./bin/lib/ti/system_config/release/libsystem_config.a(interrupt.o)
 .text.IntMasterStatusGet
                0x0000000000000000       0x14 ./bin/lib/ti/system_config/release/libsystem_config.a(interrupt.o)
 .text.IntDisable
                0x0000000000000000       0x28 ./bin/lib/ti/system_config/release/libsystem_config.a(interrupt.o)
 .text.IntEnable
                0x0000000000000000       0x1c ./bin/lib/ti/system_config/release/libsystem_config.a(interrupt.o)
 .text          0x0000000000000000        0x0 ./bin/lib/ti/system_config/release/libsystem_config.a(cpu.o)
 .data          0x0000000000000000        0x0 ./bin/lib/ti/system_config/release/libsystem_config.a(cpu.o)
 .bss           0x0000000000000000        0x0 ./bin/lib/ti/system_config/release/libsystem_config.a(cpu.o)
 .text.CPUSwitchToPrivilegedMode
                0x0000000000000000        0x8 ./bin/lib/ti/system_config/release/libsystem_config.a(cpu.o)
 .text.CPUSwitchToUserMode
                0x0000000000000000       0x14 ./bin/lib/ti/system_config/release/libsystem_config.a(cpu.o)
 .text.CPUAbortHandler
                0x0000000000000000        0x4 ./bin/lib/ti/system_config/release/libsystem_config.a(cpu.o)
 .text.CPUIntStatus
                0x0000000000000000        0xc ./bin/lib/ti/system_config/release/libsystem_config.a(cpu.o)
 .text.CPUirqd  0x0000000000000000       0x14 ./bin/lib/ti/system_config/release/libsystem_config.a(cpu.o)
 .text.CPUfiqd  0x0000000000000000       0x14 ./bin/lib/ti/system_config/release/libsystem_config.a(cpu.o)
 .text.CPUfiqe  0x0000000000000000       0x14 ./bin/lib/ti/system_config/release/libsystem_config.a(cpu.o)
 .text          0x0000000000000000        0x0 ./bin/lib/rtos/release/librtos.a(portISR.o)
 .data          0x0000000000000000        0x0 ./bin/lib/rtos/release/librtos.a(portISR.o)
 .bss           0x0000000000000000        0x0 ./bin/lib/rtos/release/librtos.a(portISR.o)
 .text          0x0000000000000000        0x0 ./bin/lib/rtos/release/librtos.a(tasks.o)
 .data          0x0000000000000000        0x0 ./bin/lib/rtos/release/librtos.a(tasks.o)
 .bss           0x0000000000000000        0x0 ./bin/lib/rtos/release/librtos.a(tasks.o)
 .text.vTaskDelete
                0x0000000000000000      0x108 ./bin/lib/rtos/release/librtos.a(tasks.o)
 .text.uxTaskPriorityGet
                0x0000000000000000       0x3c ./bin/lib/rtos/release/librtos.a(tasks.o)
 .text.uxTaskPriorityGetFromISR
                0x0000000000000000       0x18 ./bin/lib/rtos/release/librtos.a(tasks.o)
 .text.vTaskPrioritySet
                0x0000000000000000      0x114 ./bin/lib/rtos/release/librtos.a(tasks.o)
 .text.vTaskSuspend
                0x0000000000000000      0x120 ./bin/lib/rtos/release/librtos.a(tasks.o)
 .text.vTaskResume
                0x0000000000000000       0xd8 ./bin/lib/rtos/release/librtos.a(tasks.o)
 .text.xTaskResumeFromISR
                0x0000000000000000       0xe8 ./bin/lib/rtos/release/librtos.a(tasks.o)
 .text.vTaskEndScheduler
                0x0000000000000000       0x38 ./bin/lib/rtos/release/librtos.a(tasks.o)
 .text.xTaskGetTickCount
                0x0000000000000000       0x30 ./bin/lib/rtos/release/librtos.a(tasks.o)
 .text.xTaskGetTickCountFromISR
                0x0000000000000000       0x10 ./bin/lib/rtos/release/librtos.a(tasks.o)
 .text.uxTaskGetNumberOfTasks
                0x0000000000000000       0x10 ./bin/lib/rtos/release/librtos.a(tasks.o)
 .text.pcTaskGetName
                0x0000000000000000       0x18 ./bin/lib/rtos/release/librtos.a(tasks.o)
 .text.vTaskDelayUntil
                0x0000000000000000       0xac ./bin/lib/rtos/release/librtos.a(tasks.o)
 .text.vTaskPlaceOnEventList
                0x0000000000000000       0x3c ./bin/lib/rtos/release/librtos.a(tasks.o)
 .text.vTaskPlaceOnUnorderedEventList
                0x0000000000000000       0x48 ./bin/lib/rtos/release/librtos.a(tasks.o)
 .text.xTaskRemoveFromEventList
                0x0000000000000000       0xc8 ./bin/lib/rtos/release/librtos.a(tasks.o)
 .text.xTaskRemoveFromUnorderedEventList
                0x0000000000000000       0x94 ./bin/lib/rtos/release/librtos.a(tasks.o)
 .text.vTaskSetTimeOutState
                0x0000000000000000       0x20 ./bin/lib/rtos/release/librtos.a(tasks.o)
 .text.xTaskCheckForTimeOut
                0x0000000000000000       0xa0 ./bin/lib/rtos/release/librtos.a(tasks.o)
 .text.vTaskMissedYield
                0x0000000000000000       0x14 ./bin/lib/rtos/release/librtos.a(tasks.o)
 .text.uxTaskResetEventItemValue
                0x0000000000000000       0x28 ./bin/lib/rtos/release/librtos.a(tasks.o)
 .text.ulTaskNotifyTake
                0x0000000000000000       0xb0 ./bin/lib/rtos/release/librtos.a(tasks.o)
 .text.xTaskNotifyWait
                0x0000000000000000       0xd8 ./bin/lib/rtos/release/librtos.a(tasks.o)
 .text.xTaskGenericNotify
                0x0000000000000000      0x120 ./bin/lib/rtos/release/librtos.a(tasks.o)
 .text.xTaskGenericNotifyFromISR
                0x0000000000000000      0x14c ./bin/lib/rtos/release/librtos.a(tasks.o)
 .text.vTaskNotifyGiveFromISR
                0x0000000000000000       0xe4 ./bin/lib/rtos/release/librtos.a(tasks.o)
 .text.xTaskNotifyStateClear
                0x0000000000000000       0x4c ./bin/lib/rtos/release/librtos.a(tasks.o)
 .text          0x0000000000000000        0x0 ./bin/lib/rtos/release/librtos.a(heap_1.o)
 .data          0x0000000000000000        0x0 ./bin/lib/rtos/release/librtos.a(heap_1.o)
 .bss           0x0000000000000000        0x0 ./bin/lib/rtos/release/librtos.a(heap_1.o)
 .text.vPortInitialiseBlocks
                0x0000000000000000       0x14 ./bin/lib/rtos/release/librtos.a(heap_1.o)
 .text.xPortGetFreeHeapSize
                0x0000000000000000       0x18 ./bin/lib/rtos/release/librtos.a(heap_1.o)
 .text          0x0000000000000000        0x0 ./bin/lib/rtos/release/librtos.a(list.o)
 .data          0x0000000000000000        0x0 ./bin/lib/rtos/release/librtos.a(list.o)
 .bss           0x0000000000000000        0x0 ./bin/lib/rtos/release/librtos.a(list.o)
 .text          0x0000000000000000        0x0 ./bin/lib/rtos/release/librtos.a(port.o)
 .data          0x0000000000000000        0x0 ./bin/lib/rtos/release/librtos.a(port.o)
 .bss           0x0000000000000000        0x0 ./bin/lib/rtos/release/librtos.a(port.o)
 .text.vPortEndScheduler
                0x0000000000000000        0x4 ./bin/lib/rtos/release/librtos.a(port.o)
 .text          0x0000000000000000        0x0 ./bin/lib/ti/drivers/release/libdrivers.a(dmtimer.o)
 .data          0x0000000000000000        0x0 ./bin/lib/ti/drivers/release/libdrivers.a(dmtimer.o)
 .bss           0x0000000000000000        0x0 ./bin/lib/ti/drivers/release/libdrivers.a(dmtimer.o)
 .text.DMTimerDisable
                0x0000000000000000       0x2c ./bin/lib/ti/drivers/release/libdrivers.a(dmtimer.o)
 .text.DMTimerPreScalerClkEnable
                0x0000000000000000       0x58 ./bin/lib/ti/drivers/release/libdrivers.a(dmtimer.o)
 .text.DMTimerPreScalerClkDisable
                0x0000000000000000       0x2c ./bin/lib/ti/drivers/release/libdrivers.a(dmtimer.o)
 .text.DMTimerCounterGet
                0x0000000000000000       0x24 ./bin/lib/ti/drivers/release/libdrivers.a(dmtimer.o)
 .text.DMTimerReloadGet
                0x0000000000000000        0x8 ./bin/lib/ti/drivers/release/libdrivers.a(dmtimer.o)
 .text.DMTimerGPOConfigure
                0x0000000000000000       0x58 ./bin/lib/ti/drivers/release/libdrivers.a(dmtimer.o)
 .text.DMTimerCompareSet
                0x0000000000000000       0x24 ./bin/lib/ti/drivers/release/libdrivers.a(dmtimer.o)
 .text.DMTimerCompareGet
                0x0000000000000000        0x8 ./bin/lib/ti/drivers/release/libdrivers.a(dmtimer.o)
 .text.DMTimerIntRawStatusSet
                0x0000000000000000        0xc ./bin/lib/ti/drivers/release/libdrivers.a(dmtimer.o)
 .text.DMTimerIntRawStatusGet
                0x0000000000000000        0x8 ./bin/lib/ti/drivers/release/libdrivers.a(dmtimer.o)
 .text.DMTimerIntStatusGet
                0x0000000000000000        0x8 ./bin/lib/ti/drivers/release/libdrivers.a(dmtimer.o)
 .text.DMTimerTriggerSet
                0x0000000000000000       0x28 ./bin/lib/ti/drivers/release/libdrivers.a(dmtimer.o)
 .text.DMTimerIntEnableGet
                0x0000000000000000        0x8 ./bin/lib/ti/drivers/release/libdrivers.a(dmtimer.o)
 .text.DMTimerResetConfigure
                0x0000000000000000       0x20 ./bin/lib/ti/drivers/release/libdrivers.a(dmtimer.o)
 .text.DMTimerReset
                0x0000000000000000       0x20 ./bin/lib/ti/drivers/release/libdrivers.a(dmtimer.o)
 .text.DMTimerContextSave
                0x0000000000000000       0x48 ./bin/lib/ti/drivers/release/libdrivers.a(dmtimer.o)
 .text.DMTimerContextRestore
                0x0000000000000000       0x9c ./bin/lib/ti/drivers/release/libdrivers.a(dmtimer.o)
 .text.DMTimerPostedModeConfig
                0x0000000000000000       0x20 ./bin/lib/ti/drivers/release/libdrivers.a(dmtimer.o)
 .text.DMTimerWritePostedStatusGet
                0x0000000000000000        0x8 ./bin/lib/ti/drivers/release/libdrivers.a(dmtimer.o)
 .text          0x0000000000000000        0x0 ./bin/lib/ti/platform/release/libplatform.a(dmtimer.o)
 .data          0x0000000000000000        0x0 ./bin/lib/ti/platform/release/libplatform.a(dmtimer.o)
 .bss           0x0000000000000000        0x0 ./bin/lib/ti/platform/release/libplatform.a(dmtimer.o)
 .text.DMTimer3ModuleClkConfig
                0x0000000000000000      0x1a8 ./bin/lib/ti/platform/release/libplatform.a(dmtimer.o)
 .text.DMTimer4ModuleClkConfig
                0x0000000000000000      0x1b4 ./bin/lib/ti/platform/release/libplatform.a(dmtimer.o)
 .text.DMTimer6ModuleClkConfig
                0x0000000000000000       0x80 ./bin/lib/ti/platform/release/libplatform.a(dmtimer.o)
 .text.DMTimer7ModuleClkConfig
                0x0000000000000000      0x1a8 ./bin/lib/ti/platform/release/libplatform.a(dmtimer.o)
 .text.DMTimer1msModuleClkConfig
                0x0000000000000000       0x84 ./bin/lib/ti/platform/release/libplatform.a(dmtimer.o)
 .text          0x0000000000000000        0x0 ./bin/lib/ti/system_config/release/libsystem_config.a(cache.o)
 .data          0x0000000000000000        0x0 ./bin/lib/ti/system_config/release/libsystem_config.a(cache.o)
 .bss           0x0000000000000000        0x0 ./bin/lib/ti/system_config/release/libsystem_config.a(cache.o)
 .text.CacheDisable
                0x0000000000000000       0x68 ./bin/lib/ti/system_config/release/libsystem_config.a(cache.o)
 .text.CacheInstInvalidateAll
                0x0000000000000000       0x14 ./bin/lib/ti/system_config/release/libsystem_config.a(cache.o)
 .text.CacheInstInvalidateBuff
                0x0000000000000000       0x14 ./bin/lib/ti/system_config/release/libsystem_config.a(cache.o)
 .text.CacheDataCleanInvalidateAll
                0x0000000000000000       0x14 ./bin/lib/ti/system_config/release/libsystem_config.a(cache.o)
 .text.CacheDataCleanAll
                0x0000000000000000       0x14 ./bin/lib/ti/system_config/release/libsystem_config.a(cache.o)
 .text.CacheDataInvalidateAll
                0x0000000000000000       0x14 ./bin/lib/ti/system_config/release/libsystem_config.a(cache.o)
 .text.CacheDataCleanBuff
                0x0000000000000000       0x14 ./bin/lib/ti/system_config/release/libsystem_config.a(cache.o)
 .text.CacheDataInvalidateBuff
                0x0000000000000000       0x14 ./bin/lib/ti/system_config/release/libsystem_config.a(cache.o)
 .text.CacheDataCleanInvalidateBuff
                0x0000000000000000       0x14 ./bin/lib/ti/system_config/release/libsystem_config.a(cache.o)

Memory Configuration

Name             Origin             Length             Attributes
DDR0             0x0000000080000000 0x0000000010000000
*default*        0x0000000000000000 0xffffffffffffffff

Linker script and memory map

LOAD main.o

.startcode      0x0000000080000000       0xb4
                0x0000000080000000                . = ALIGN (0x4)
 *init.o(.text)
 .text          0x0000000080000000       0xb4 ./bin/lib/ti/system_config/release/libsystem_config.a(init.o)
                0x0000000080000000                Entry

.text           0x00000000800000b4     0x1cac
                0x00000000800000b4                . = ALIGN (0x4)
 *(.text*)
 .text.vLED_blink
                0x00000000800000b4       0x50 main.o
                0x00000000800000b4                vLED_blink
 .text.init     0x0000000080000104       0x64 main.o
                0x0000000080000104                init
 .text.startup.main
                0x0000000080000168       0x60 main.o
                0x0000000080000168                main
 .text.GPIOModuleReset
                0x00000000800001c8       0x20 ./bin/lib/ti/drivers/release/libdrivers.a(gpio_v2.o)
                0x00000000800001c8                GPIOModuleReset
 .text.GPIOModuleEnable
                0x00000000800001e8       0x10 ./bin/lib/ti/drivers/release/libdrivers.a(gpio_v2.o)
                0x00000000800001e8                GPIOModuleEnable
 .text.GPIODirModeSet
                0x00000000800001f8       0x1c ./bin/lib/ti/drivers/release/libdrivers.a(gpio_v2.o)
                0x00000000800001f8                GPIODirModeSet
 .text.GPIOPinWrite
                0x0000000080000214       0x1c ./bin/lib/ti/drivers/release/libdrivers.a(gpio_v2.o)
                0x0000000080000214                GPIOPinWrite
 .text.GPIO1ModuleClkConfig
                0x0000000080000230       0x78 ./bin/lib/ti/platform/release/libplatform.a(gpio.o)
                0x0000000080000230                GPIO1ModuleClkConfig
 .text.start_boot
                0x00000000800002a8       0x50 ./bin/lib/ti/system_config/release/libsystem_config.a(startup.o)
                0x00000000800002a8                start_boot
 .text          0x00000000800002f8      0x488 ./bin/lib/ti/system_config/release/libsystem_config.a(cp15.o)
                0x00000000800002f8                CP15ICacheDisable
                0x0000000080000314                CP15DCacheDisable
                0x0000000080000330                CP15ICacheEnable
                0x0000000080000340                CP15DCacheEnable
                0x0000000080000350                CP15DCacheFlush
                0x00000000800003e4                CP15DCacheClean
                0x0000000080000478                CP15DCacheCleanFlush
                0x000000008000050c                CP15ICacheFlush
                0x000000008000051c                CP15DCacheCleanBuff
                0x0000000080000570                CP15DCacheCleanFlushBuff
                0x00000000800005c4                CP15DCacheFlushBuff
                0x0000000080000628                CP15ICacheFlushBuff
                0x000000008000067c                CP15Ttb0Set
                0x0000000080000688                CP15TlbInvalidate
                0x0000000080000694                CP15MMUDisable
                0x00000000800006ac                CP15MMUEnable
                0x00000000800006c0                CP15VectorBaseAddrSet
                0x00000000800006cc                CP15BranchPredictorInvalidate
                0x00000000800006d8                CP15BranchPredictionEnable
                0x00000000800006e8                CP15BranchPredictionDisable
                0x00000000800006f8                CP15DomainAccessClientSet
                0x0000000080000708                CP15ControlFeatureDisable
                0x000000008000071c                CP15ControlFeatureEnable
                0x0000000080000730                CP15TtbCtlTtb0Config
                0x0000000080000740                CP15AuxControlFeatureEnable
                0x0000000080000754                CP15AuxControlFeatureDisable
                0x0000000080000768                CP15MainIdPrimPartNumGet
 .text          0x0000000080000780       0xf0 ./bin/lib/ti/system_config/release/libsystem_config.a(exceptionhandler.o)
                0x0000000080000854                FIQHandler
                0x0000000080000858                UndefInstHandler
                0x0000000080000858                AbortHandler
 .text.IntDefaultHandler
                0x0000000080000870        0x4 ./bin/lib/ti/system_config/release/libsystem_config.a(interrupt.o)
 .text.IntRegister
                0x0000000080000874       0x10 ./bin/lib/ti/system_config/release/libsystem_config.a(interrupt.o)
                0x0000000080000874                IntRegister
 .text.IntAINTCInit
                0x0000000080000884       0x54 ./bin/lib/ti/system_config/release/libsystem_config.a(interrupt.o)
                0x0000000080000884                IntAINTCInit
 .text.IntPrioritySet
                0x00000000800008d8       0x24 ./bin/lib/ti/system_config/release/libsystem_config.a(interrupt.o)
                0x00000000800008d8                IntPrioritySet
 .text.IntSystemEnable
                0x00000000800008fc       0x24 ./bin/lib/ti/system_config/release/libsystem_config.a(interrupt.o)
                0x00000000800008fc                IntSystemEnable
 .text.IntActiveIrqNumGet
                0x0000000080000920       0x14 ./bin/lib/ti/system_config/release/libsystem_config.a(interrupt.o)
                0x0000000080000920                IntActiveIrqNumGet
 .text.IntMasterIRQEnable
                0x0000000080000934       0x14 ./bin/lib/ti/system_config/release/libsystem_config.a(interrupt.o)
                0x0000000080000934                IntMasterIRQEnable
 .text.CPUirqe  0x0000000080000948       0x14 ./bin/lib/ti/system_config/release/libsystem_config.a(cpu.o)
                0x0000000080000948                CPUirqe
 .text.SVC_Handler
                0x000000008000095c       0xc0 ./bin/lib/rtos/release/librtos.a(portISR.o)
                0x000000008000095c                SVC_Handler
 .text.IRQHandler
                0x0000000080000a1c       0xc4 ./bin/lib/rtos/release/librtos.a(portISR.o)
                0x0000000080000a1c                IRQHandler
 .text.vTickISR
                0x0000000080000ae0       0x70 ./bin/lib/rtos/release/librtos.a(portISR.o)
                0x0000000080000ae0                vTickISR
 .text.vPortEnterCritical
                0x0000000080000b50       0x2c ./bin/lib/rtos/release/librtos.a(portISR.o)
                0x0000000080000b50                vPortEnterCritical
 .text.vPortExitCritical
                0x0000000080000b7c       0x44 ./bin/lib/rtos/release/librtos.a(portISR.o)
                0x0000000080000b7c                vPortExitCritical
 .text.prvResetNextTaskUnblockTime
                0x0000000080000bc0       0x40 ./bin/lib/rtos/release/librtos.a(tasks.o)
 .text.prvAddCurrentTaskToDelayedList
                0x0000000080000c00       0xdc ./bin/lib/rtos/release/librtos.a(tasks.o)
 .text.vTaskSwitchContext.part.4
                0x0000000080000cdc       0x9c ./bin/lib/rtos/release/librtos.a(tasks.o)
 .text.xTaskCreate
                0x0000000080000d78      0x2b8 ./bin/lib/rtos/release/librtos.a(tasks.o)
                0x0000000080000d78                xTaskCreate
 .text.vTaskStartScheduler
                0x0000000080001030       0xa0 ./bin/lib/rtos/release/librtos.a(tasks.o)
                0x0000000080001030                vTaskStartScheduler
 .text.vTaskSuspendAll
                0x00000000800010d0       0x18 ./bin/lib/rtos/release/librtos.a(tasks.o)
                0x00000000800010d0                vTaskSuspendAll
 .text.xTaskIncrementTick
                0x00000000800010e8      0x1e0 ./bin/lib/rtos/release/librtos.a(tasks.o)
                0x00000000800010e8                xTaskIncrementTick
 .text.xTaskResumeAll
                0x00000000800012c8      0x160 ./bin/lib/rtos/release/librtos.a(tasks.o)
                0x00000000800012c8                xTaskResumeAll
 .text.vTaskDelay
                0x0000000080001428       0x54 ./bin/lib/rtos/release/librtos.a(tasks.o)
                0x0000000080001428                vTaskDelay
 .text.prvIdleTask
                0x000000008000147c      0x10c ./bin/lib/rtos/release/librtos.a(tasks.o)
 .text.vTaskSwitchContext
                0x0000000080001588       0x3c ./bin/lib/rtos/release/librtos.a(tasks.o)
                0x0000000080001588                vTaskSwitchContext
 .text.pvPortMalloc
                0x00000000800015c4       0x88 ./bin/lib/rtos/release/librtos.a(heap_1.o)
                0x00000000800015c4                pvPortMalloc
 .text.vPortFree
                0x000000008000164c        0x4 ./bin/lib/rtos/release/librtos.a(heap_1.o)
                0x000000008000164c                vPortFree
 .text.vListInitialise
                0x0000000080001650       0x24 ./bin/lib/rtos/release/librtos.a(list.o)
                0x0000000080001650                vListInitialise
 .text.vListInitialiseItem
                0x0000000080001674        0xc ./bin/lib/rtos/release/librtos.a(list.o)
                0x0000000080001674                vListInitialiseItem
 .text.vListInsertEnd
                0x0000000080001680       0x28 ./bin/lib/rtos/release/librtos.a(list.o)
                0x0000000080001680                vListInsertEnd
 .text.vListInsert
                0x00000000800016a8       0x5c ./bin/lib/rtos/release/librtos.a(list.o)
                0x00000000800016a8                vListInsert
 .text.uxListRemove
                0x0000000080001704       0x38 ./bin/lib/rtos/release/librtos.a(list.o)
                0x0000000080001704                uxListRemove
 .text.pxPortInitialiseStack
                0x000000008000173c      0x188 ./bin/lib/rtos/release/librtos.a(port.o)
                0x000000008000173c                pxPortInitialiseStack
 .text.xPortStartScheduler
                0x00000000800018c4      0x13c ./bin/lib/rtos/release/librtos.a(port.o)
                0x00000000800018c4                xPortStartScheduler
 .text.DMTimerEnable
                0x0000000080001a00       0x2c ./bin/lib/ti/drivers/release/libdrivers.a(dmtimer.o)
                0x0000000080001a00                DMTimerEnable
 .text.DMTimerModeConfigure
                0x0000000080001a2c       0x58 ./bin/lib/ti/drivers/release/libdrivers.a(dmtimer.o)
                0x0000000080001a2c                DMTimerModeConfigure
 .text.DMTimerCounterSet
                0x0000000080001a84       0x24 ./bin/lib/ti/drivers/release/libdrivers.a(dmtimer.o)
                0x0000000080001a84                DMTimerCounterSet
 .text.DMTimerReloadSet
                0x0000000080001aa8       0x24 ./bin/lib/ti/drivers/release/libdrivers.a(dmtimer.o)
                0x0000000080001aa8                DMTimerReloadSet
 .text.DMTimerIntStatusClear
                0x0000000080001acc        0xc ./bin/lib/ti/drivers/release/libdrivers.a(dmtimer.o)
                0x0000000080001acc                DMTimerIntStatusClear
 .text.DMTimerIntEnable
                0x0000000080001ad8        0xc ./bin/lib/ti/drivers/release/libdrivers.a(dmtimer.o)
                0x0000000080001ad8                DMTimerIntEnable
 .text.DMTimerIntDisable
                0x0000000080001ae4        0xc ./bin/lib/ti/drivers/release/libdrivers.a(dmtimer.o)
                0x0000000080001ae4                DMTimerIntDisable
 .text.DMTimer2ModuleClkConfig
                0x0000000080001af0      0x1a8 ./bin/lib/ti/platform/release/libplatform.a(dmtimer.o)
                0x0000000080001af0                DMTimer2ModuleClkConfig
 .text.CacheEnable
                0x0000000080001c98       0x84 ./bin/lib/ti/system_config/release/libsystem_config.a(cache.o)
                0x0000000080001c98                CacheEnable
 *(.rodata*)
 .rodata.str1.4
                0x0000000080001d1c        0x4 main.o
 .rodata.vecTbl
                0x0000000080001d20       0x38 ./bin/lib/ti/system_config/release/libsystem_config.a(startup.o)
 .rodata.str1.4
                0x0000000080001d58        0x8 ./bin/lib/rtos/release/librtos.a(tasks.o)
                                          0x5 (size before relaxing)

.glue_7         0x0000000080001d60        0x0
 .glue_7        0x0000000080001d60        0x0 linker stubs

.glue_7t        0x0000000080001d60        0x0
 .glue_7t       0x0000000080001d60        0x0 linker stubs

.vfp11_veneer   0x0000000080001d60        0x0
 .vfp11_veneer  0x0000000080001d60        0x0 linker stubs

.v4_bx          0x0000000080001d60        0x0
 .v4_bx         0x0000000080001d60        0x0 linker stubs

.iplt           0x0000000080001d60        0x0
 .iplt          0x0000000080001d60        0x0 main.o

.rel.dyn        0x0000000080001d60        0x0
 .rel.iplt      0x0000000080001d60        0x0 main.o

.data           0x0000000080001d60        0x0
                0x0000000080001d60                . = ALIGN (0x4)
 *(.data*)

.igot.plt       0x0000000080001d60        0x0
 .igot.plt      0x0000000080001d60        0x0 main.o

.bss            0x0000000080001d60     0x6310
                0x0000000080001d60                . = ALIGN (0x4)
                0x0000000080001d60                _bss_start = .
 *(.bss*)
 .bss.ulCriticalNesting
                0x0000000080001d60        0x4 ./bin/lib/rtos/release/librtos.a(portISR.o)
                0x0000000080001d60                ulCriticalNesting
 .bss.xNumOfOverflows
                0x0000000080001d64        0x4 ./bin/lib/rtos/release/librtos.a(tasks.o)
 .bss.pxDelayedTaskList
                0x0000000080001d68        0x4 ./bin/lib/rtos/release/librtos.a(tasks.o)
 .bss.xSchedulerRunning
                0x0000000080001d6c        0x4 ./bin/lib/rtos/release/librtos.a(tasks.o)
 .bss.uxSchedulerSuspended
                0x0000000080001d70        0x4 ./bin/lib/rtos/release/librtos.a(tasks.o)
 .bss.xDelayedTaskList1
                0x0000000080001d74       0x14 ./bin/lib/rtos/release/librtos.a(tasks.o)
 .bss.uxPendedTicks
                0x0000000080001d88        0x4 ./bin/lib/rtos/release/librtos.a(tasks.o)
 .bss.pxReadyTasksLists
                0x0000000080001d8c       0x64 ./bin/lib/rtos/release/librtos.a(tasks.o)
 .bss.xTasksWaitingTermination
                0x0000000080001df0       0x14 ./bin/lib/rtos/release/librtos.a(tasks.o)
 .bss.uxDeletedTasksWaitingCleanUp
                0x0000000080001e04        0x4 ./bin/lib/rtos/release/librtos.a(tasks.o)
 .bss.pxCurrentTCB
                0x0000000080001e08        0x4 ./bin/lib/rtos/release/librtos.a(tasks.o)
                0x0000000080001e08                pxCurrentTCB
 .bss.xNextTaskUnblockTime
                0x0000000080001e0c        0x4 ./bin/lib/rtos/release/librtos.a(tasks.o)
 .bss.xIdleTaskHandle
                0x0000000080001e10        0x4 ./bin/lib/rtos/release/librtos.a(tasks.o)
 .bss.xTickCount
                0x0000000080001e14        0x4 ./bin/lib/rtos/release/librtos.a(tasks.o)
 .bss.pxOverflowDelayedTaskList
                0x0000000080001e18        0x4 ./bin/lib/rtos/release/librtos.a(tasks.o)
 .bss.xPendingReadyList
                0x0000000080001e1c       0x14 ./bin/lib/rtos/release/librtos.a(tasks.o)
 .bss.uxTaskNumber
                0x0000000080001e30        0x4 ./bin/lib/rtos/release/librtos.a(tasks.o)
 .bss.uxCurrentNumberOfTasks
                0x0000000080001e34        0x4 ./bin/lib/rtos/release/librtos.a(tasks.o)
 .bss.xDelayedTaskList2
                0x0000000080001e38       0x14 ./bin/lib/rtos/release/librtos.a(tasks.o)
 .bss.xSuspendedTaskList
                0x0000000080001e4c       0x14 ./bin/lib/rtos/release/librtos.a(tasks.o)
 .bss.uxTopReadyPriority
                0x0000000080001e60        0x4 ./bin/lib/rtos/release/librtos.a(tasks.o)
 .bss.xYieldPending
                0x0000000080001e64        0x4 ./bin/lib/rtos/release/librtos.a(tasks.o)
 .bss.xNextFreeByte
                0x0000000080001e68        0x4 ./bin/lib/rtos/release/librtos.a(heap_1.o)
 .bss.ucHeap    0x0000000080001e6c     0x6000 ./bin/lib/rtos/release/librtos.a(heap_1.o)
 .bss.pucAlignedHeap.5893
                0x0000000080007e6c        0x4 ./bin/lib/rtos/release/librtos.a(heap_1.o)
 *(COMMON)
 COMMON         0x0000000080007e70      0x200 ./bin/lib/ti/system_config/release/libsystem_config.a(interrupt.o)
                0x0000000080007e70                fnRAMVectors
                0x0000000080008070                _bss_end = .

.heap           0x0000000080008070      0x800
                0x0000000080008070                . = ALIGN (0x4)
                0x0000000080008070                __end__ = .
                0x0000000080008070                end = __end__
                0x0000000080008070                __HeapBase = __end__
 *(.heap*)
                0x0000000080008870                . = (. + 0x800)
 *fill*         0x0000000080008070      0x800 
                0x0000000080008870                __HeapLimit = .

.stack          0x0000000080008870  0x7fffff8
                0x0000000080008870                . = ALIGN (0x4)
                0x0000000080008870                __StackLimit = .
 *(.stack*)
                0x0000000088008868                . = (. + 0x7fffff8)
 *fill*         0x0000000080008870  0x7fffff8 
                0x0000000088008868                __StackTop = .
                0x0000000088008868                _stack = __StackTop
START GROUP
LOAD ./bin/lib/ti/drivers/release/libdrivers.a
LOAD ./bin/lib/ti/utils/release/libutils.a
LOAD ./bin/lib/ti/platform/release/libplatform.a
LOAD ./bin/lib/ti/system_config/release/libsystem_config.a
LOAD ./bin/lib/rtos/release/librtos.a
END GROUP
OUTPUT(app.out elf32-littlearm)

.debug_info     0x0000000000000000     0x3da8
 .debug_info    0x0000000000000000      0x1b3 main.o
 .debug_info    0x00000000000001b3      0x711 ./bin/lib/ti/drivers/release/libdrivers.a(gpio_v2.o)
 .debug_info    0x00000000000008c4       0xbf ./bin/lib/ti/platform/release/libplatform.a(gpio.o)
 .debug_info    0x0000000000000983       0x85 ./bin/lib/ti/system_config/release/libsystem_config.a(init.o)
 .debug_info    0x0000000000000a08      0x10b ./bin/lib/ti/system_config/release/libsystem_config.a(startup.o)
 .debug_info    0x0000000000000b13       0x85 ./bin/lib/ti/system_config/release/libsystem_config.a(cp15.o)
 .debug_info    0x0000000000000b98       0x98 ./bin/lib/ti/system_config/release/libsystem_config.a(exceptionhandler.o)
 .debug_info    0x0000000000000c30      0x45b ./bin/lib/ti/system_config/release/libsystem_config.a(interrupt.o)
 .debug_info    0x000000000000108b       0xc9 ./bin/lib/ti/system_config/release/libsystem_config.a(cpu.o)
 .debug_info    0x0000000000001154      0x207 ./bin/lib/rtos/release/librtos.a(portISR.o)
 .debug_info    0x000000000000135b     0x19d7 ./bin/lib/rtos/release/librtos.a(tasks.o)
 .debug_info    0x0000000000002d32      0x187 ./bin/lib/rtos/release/librtos.a(heap_1.o)
 .debug_info    0x0000000000002eb9      0x280 ./bin/lib/rtos/release/librtos.a(list.o)
 .debug_info    0x0000000000003139      0x26e ./bin/lib/rtos/release/librtos.a(port.o)
 .debug_info    0x00000000000033a7      0x710 ./bin/lib/ti/drivers/release/libdrivers.a(dmtimer.o)
 .debug_info    0x0000000000003ab7       0xb0 ./bin/lib/ti/platform/release/libplatform.a(dmtimer.o)
 .debug_info    0x0000000000003b67      0x241 ./bin/lib/ti/system_config/release/libsystem_config.a(cache.o)

.debug_abbrev   0x0000000000000000     0x1007
 .debug_abbrev  0x0000000000000000       0xd9 main.o
 .debug_abbrev  0x00000000000000d9      0x140 ./bin/lib/ti/drivers/release/libdrivers.a(gpio_v2.o)
 .debug_abbrev  0x0000000000000219       0x87 ./bin/lib/ti/platform/release/libplatform.a(gpio.o)
 .debug_abbrev  0x00000000000002a0       0x14 ./bin/lib/ti/system_config/release/libsystem_config.a(init.o)
 .debug_abbrev  0x00000000000002b4       0xe6 ./bin/lib/ti/system_config/release/libsystem_config.a(startup.o)
 .debug_abbrev  0x000000000000039a       0x14 ./bin/lib/ti/system_config/release/libsystem_config.a(cp15.o)
 .debug_abbrev  0x00000000000003ae       0x14 ./bin/lib/ti/system_config/release/libsystem_config.a(exceptionhandler.o)
 .debug_abbrev  0x00000000000003c2      0x1d3 ./bin/lib/ti/system_config/release/libsystem_config.a(interrupt.o)
 .debug_abbrev  0x0000000000000595       0x60 ./bin/lib/ti/system_config/release/libsystem_config.a(cpu.o)
 .debug_abbrev  0x00000000000005f5      0x107 ./bin/lib/rtos/release/librtos.a(portISR.o)
 .debug_abbrev  0x00000000000006fc      0x35c ./bin/lib/rtos/release/librtos.a(tasks.o)
 .debug_abbrev  0x0000000000000a58      0x106 ./bin/lib/rtos/release/librtos.a(heap_1.o)
 .debug_abbrev  0x0000000000000b5e       0xdc ./bin/lib/rtos/release/librtos.a(list.o)
 .debug_abbrev  0x0000000000000c3a      0x140 ./bin/lib/rtos/release/librtos.a(port.o)
 .debug_abbrev  0x0000000000000d7a      0x18c ./bin/lib/ti/drivers/release/libdrivers.a(dmtimer.o)
 .debug_abbrev  0x0000000000000f06       0x78 ./bin/lib/ti/platform/release/libplatform.a(dmtimer.o)
 .debug_abbrev  0x0000000000000f7e       0x89 ./bin/lib/ti/system_config/release/libsystem_config.a(cache.o)

.debug_loc      0x0000000000000000     0x1ea3
 .debug_loc     0x0000000000000000       0x21 main.o
 .debug_loc     0x0000000000000021      0x4c8 ./bin/lib/ti/drivers/release/libdrivers.a(gpio_v2.o)
 .debug_loc     0x00000000000004e9       0x35 ./bin/lib/ti/platform/release/libplatform.a(gpio.o)
 .debug_loc     0x000000000000051e       0x14 ./bin/lib/ti/system_config/release/libsystem_config.a(startup.o)
 .debug_loc     0x0000000000000532      0x14a ./bin/lib/ti/system_config/release/libsystem_config.a(interrupt.o)
 .debug_loc     0x000000000000067c     0x1169 ./bin/lib/rtos/release/librtos.a(tasks.o)
 .debug_loc     0x00000000000017e5       0x3d ./bin/lib/rtos/release/librtos.a(heap_1.o)
 .debug_loc     0x0000000000001822       0x3f ./bin/lib/rtos/release/librtos.a(list.o)
 .debug_loc     0x0000000000001861      0x250 ./bin/lib/rtos/release/librtos.a(port.o)
 .debug_loc     0x0000000000001ab1      0x282 ./bin/lib/ti/drivers/release/libdrivers.a(dmtimer.o)
 .debug_loc     0x0000000000001d33      0x170 ./bin/lib/ti/system_config/release/libsystem_config.a(cache.o)

.debug_aranges  0x0000000000000000      0x720
 .debug_aranges
                0x0000000000000000       0x30 main.o
 .debug_aranges
                0x0000000000000030      0x100 ./bin/lib/ti/drivers/release/libdrivers.a(gpio_v2.o)
 .debug_aranges
                0x0000000000000130       0x40 ./bin/lib/ti/platform/release/libplatform.a(gpio.o)
 .debug_aranges
                0x0000000000000170       0x20 ./bin/lib/ti/system_config/release/libsystem_config.a(init.o)
 .debug_aranges
                0x0000000000000190       0x20 ./bin/lib/ti/system_config/release/libsystem_config.a(startup.o)
 .debug_aranges
                0x00000000000001b0       0x20 ./bin/lib/ti/system_config/release/libsystem_config.a(cp15.o)
 .debug_aranges
                0x00000000000001d0       0x20 ./bin/lib/ti/system_config/release/libsystem_config.a(exceptionhandler.o)
 .debug_aranges
                0x00000000000001f0      0x110 ./bin/lib/ti/system_config/release/libsystem_config.a(interrupt.o)
 .debug_aranges
                0x0000000000000300       0x58 ./bin/lib/ti/system_config/release/libsystem_config.a(cpu.o)
 .debug_aranges
                0x0000000000000358       0x40 ./bin/lib/rtos/release/librtos.a(portISR.o)
 .debug_aranges
                0x0000000000000398      0x148 ./bin/lib/rtos/release/librtos.a(tasks.o)
 .debug_aranges
                0x00000000000004e0       0x38 ./bin/lib/rtos/release/librtos.a(heap_1.o)
 .debug_aranges
                0x0000000000000518       0x40 ./bin/lib/rtos/release/librtos.a(list.o)
 .debug_aranges
                0x0000000000000558       0x30 ./bin/lib/rtos/release/librtos.a(port.o)
 .debug_aranges
                0x0000000000000588       0xe8 ./bin/lib/ti/drivers/release/libdrivers.a(dmtimer.o)
 .debug_aranges
                0x0000000000000670       0x48 ./bin/lib/ti/platform/release/libplatform.a(dmtimer.o)
 .debug_aranges
                0x00000000000006b8       0x68 ./bin/lib/ti/system_config/release/libsystem_config.a(cache.o)

.debug_ranges   0x0000000000000000      0x898
 .debug_ranges  0x0000000000000000       0x20 main.o
 .debug_ranges  0x0000000000000020       0xf0 ./bin/lib/ti/drivers/release/libdrivers.a(gpio_v2.o)
 .debug_ranges  0x0000000000000110       0x30 ./bin/lib/ti/platform/release/libplatform.a(gpio.o)
 .debug_ranges  0x0000000000000140       0x10 ./bin/lib/ti/system_config/release/libsystem_config.a(startup.o)
 .debug_ranges  0x0000000000000150      0x138 ./bin/lib/ti/system_config/release/libsystem_config.a(interrupt.o)
 .debug_ranges  0x0000000000000288       0x48 ./bin/lib/ti/system_config/release/libsystem_config.a(cpu.o)
 .debug_ranges  0x00000000000002d0       0x70 ./bin/lib/rtos/release/librtos.a(portISR.o)
 .debug_ranges  0x0000000000000340      0x360 ./bin/lib/rtos/release/librtos.a(tasks.o)
 .debug_ranges  0x00000000000006a0       0x28 ./bin/lib/rtos/release/librtos.a(heap_1.o)
 .debug_ranges  0x00000000000006c8       0x30 ./bin/lib/rtos/release/librtos.a(list.o)
 .debug_ranges  0x00000000000006f8       0x38 ./bin/lib/rtos/release/librtos.a(port.o)
 .debug_ranges  0x0000000000000730       0xd8 ./bin/lib/ti/drivers/release/libdrivers.a(dmtimer.o)
 .debug_ranges  0x0000000000000808       0x38 ./bin/lib/ti/platform/release/libplatform.a(dmtimer.o)
 .debug_ranges  0x0000000000000840       0x58 ./bin/lib/ti/system_config/release/libsystem_config.a(cache.o)

.debug_line     0x0000000000000000     0x1fda
 .debug_line    0x0000000000000000       0x82 main.o
 .debug_line    0x0000000000000082      0x2d8 ./bin/lib/ti/drivers/release/libdrivers.a(gpio_v2.o)
 .debug_line    0x000000000000035a      0x141 ./bin/lib/ti/platform/release/libplatform.a(gpio.o)
 .debug_line    0x000000000000049b       0x94 ./bin/lib/ti/system_config/release/libsystem_config.a(init.o)
 .debug_line    0x000000000000052f       0x77 ./bin/lib/ti/system_config/release/libsystem_config.a(startup.o)
 .debug_line    0x00000000000005a6      0x18b ./bin/lib/ti/system_config/release/libsystem_config.a(cp15.o)
 .debug_line    0x0000000000000731       0xb8 ./bin/lib/ti/system_config/release/libsystem_config.a(exceptionhandler.o)
 .debug_line    0x00000000000007e9      0x2e9 ./bin/lib/ti/system_config/release/libsystem_config.a(interrupt.o)
 .debug_line    0x0000000000000ad2       0xd6 ./bin/lib/ti/system_config/release/libsystem_config.a(cpu.o)
 .debug_line    0x0000000000000ba8       0xff ./bin/lib/rtos/release/librtos.a(portISR.o)
 .debug_line    0x0000000000000ca7      0x891 ./bin/lib/rtos/release/librtos.a(tasks.o)
 .debug_line    0x0000000000001538      0x131 ./bin/lib/rtos/release/librtos.a(heap_1.o)
 .debug_line    0x0000000000001669      0x104 ./bin/lib/rtos/release/librtos.a(list.o)
 .debug_line    0x000000000000176d      0x15c ./bin/lib/rtos/release/librtos.a(port.o)
 .debug_line    0x00000000000018c9      0x378 ./bin/lib/ti/drivers/release/libdrivers.a(dmtimer.o)
 .debug_line    0x0000000000001c41      0x287 ./bin/lib/ti/platform/release/libplatform.a(dmtimer.o)
 .debug_line    0x0000000000001ec8      0x112 ./bin/lib/ti/system_config/release/libsystem_config.a(cache.o)

.debug_str      0x0000000000000000     0x1a47
 .debug_str     0x0000000000000000      0x153 main.o
                                        0x18c (size before relaxing)
 .debug_str     0x0000000000000153      0x343 ./bin/lib/ti/drivers/release/libdrivers.a(gpio_v2.o)
                                        0x416 (size before relaxing)
 .debug_str     0x0000000000000496       0xc9 ./bin/lib/ti/platform/release/libplatform.a(gpio.o)
                                        0x1a5 (size before relaxing)
 .debug_str     0x000000000000055f       0xa5 ./bin/lib/ti/system_config/release/libsystem_config.a(startup.o)
                                        0x181 (size before relaxing)
 .debug_str     0x0000000000000604      0x29d ./bin/lib/ti/system_config/release/libsystem_config.a(interrupt.o)
                                        0x3cc (size before relaxing)
 .debug_str     0x00000000000008a1       0xa0 ./bin/lib/ti/system_config/release/libsystem_config.a(cpu.o)
                                        0x193 (size before relaxing)
 .debug_str     0x0000000000000941       0xa0 ./bin/lib/rtos/release/librtos.a(portISR.o)
                                        0x202 (size before relaxing)
 .debug_str     0x00000000000009e1      0xa14 ./bin/lib/rtos/release/librtos.a(tasks.o)
                                        0xbf9 (size before relaxing)
 .debug_str     0x00000000000013f5       0x94 ./bin/lib/rtos/release/librtos.a(heap_1.o)
                                        0x22d (size before relaxing)
 .debug_str     0x0000000000001489       0xab ./bin/lib/rtos/release/librtos.a(list.o)
                                        0x2c2 (size before relaxing)
 .debug_str     0x0000000000001534       0x7f ./bin/lib/rtos/release/librtos.a(port.o)
                                        0x24b (size before relaxing)
 .debug_str     0x00000000000015b3      0x2af ./bin/lib/ti/drivers/release/libdrivers.a(dmtimer.o)
                                        0x3bd (size before relaxing)
 .debug_str     0x0000000000001862       0xc0 ./bin/lib/ti/platform/release/libplatform.a(dmtimer.o)
                                        0x1bc (size before relaxing)
 .debug_str     0x0000000000001922      0x125 ./bin/lib/ti/system_config/release/libsystem_config.a(cache.o)
                                        0x218 (size before relaxing)

.comment        0x0000000000000000       0x38
 .comment       0x0000000000000000       0x38 main.o
                                         0x39 (size before relaxing)
 .comment       0x0000000000000038       0x39 ./bin/lib/ti/drivers/release/libdrivers.a(gpio_v2.o)
 .comment       0x0000000000000038       0x39 ./bin/lib/ti/platform/release/libplatform.a(gpio.o)
 .comment       0x0000000000000038       0x39 ./bin/lib/ti/system_config/release/libsystem_config.a(startup.o)
 .comment       0x0000000000000038       0x39 ./bin/lib/ti/system_config/release/libsystem_config.a(interrupt.o)
 .comment       0x0000000000000038       0x39 ./bin/lib/ti/system_config/release/libsystem_config.a(cpu.o)
 .comment       0x0000000000000038       0x39 ./bin/lib/rtos/release/librtos.a(portISR.o)
 .comment       0x0000000000000038       0x39 ./bin/lib/rtos/release/librtos.a(tasks.o)
 .comment       0x0000000000000038       0x39 ./bin/lib/rtos/release/librtos.a(heap_1.o)
 .comment       0x0000000000000038       0x39 ./bin/lib/rtos/release/librtos.a(list.o)
 .comment       0x0000000000000038       0x39 ./bin/lib/rtos/release/librtos.a(port.o)
 .comment       0x0000000000000038       0x39 ./bin/lib/ti/drivers/release/libdrivers.a(dmtimer.o)
 .comment       0x0000000000000038       0x39 ./bin/lib/ti/platform/release/libplatform.a(dmtimer.o)
 .comment       0x0000000000000038       0x39 ./bin/lib/ti/system_config/release/libsystem_config.a(cache.o)

.ARM.attributes
                0x0000000000000000       0x39
 .ARM.attributes
                0x0000000000000000       0x3b main.o
 .ARM.attributes
                0x000000000000003b       0x3b ./bin/lib/ti/drivers/release/libdrivers.a(gpio_v2.o)
 .ARM.attributes
                0x0000000000000076       0x3b ./bin/lib/ti/platform/release/libplatform.a(gpio.o)
 .ARM.attributes
                0x00000000000000b1       0x29 ./bin/lib/ti/system_config/release/libsystem_config.a(init.o)
 .ARM.attributes
                0x00000000000000da       0x3b ./bin/lib/ti/system_config/release/libsystem_config.a(startup.o)
 .ARM.attributes
                0x0000000000000115       0x29 ./bin/lib/ti/system_config/release/libsystem_config.a(cp15.o)
 .ARM.attributes
                0x000000000000013e       0x29 ./bin/lib/ti/system_config/release/libsystem_config.a(exceptionhandler.o)
 .ARM.attributes
                0x0000000000000167       0x3b ./bin/lib/ti/system_config/release/libsystem_config.a(interrupt.o)
 .ARM.attributes
                0x00000000000001a2       0x3b ./bin/lib/ti/system_config/release/libsystem_config.a(cpu.o)
 .ARM.attributes
                0x00000000000001dd       0x3b ./bin/lib/rtos/release/librtos.a(portISR.o)
 .ARM.attributes
                0x0000000000000218       0x3b ./bin/lib/rtos/release/librtos.a(tasks.o)
 .ARM.attributes
                0x0000000000000253       0x3b ./bin/lib/rtos/release/librtos.a(heap_1.o)
 .ARM.attributes
                0x000000000000028e       0x3b ./bin/lib/rtos/release/librtos.a(list.o)
 .ARM.attributes
                0x00000000000002c9       0x3b ./bin/lib/rtos/release/librtos.a(port.o)
 .ARM.attributes
                0x0000000000000304       0x3b ./bin/lib/ti/drivers/release/libdrivers.a(dmtimer.o)
 .ARM.attributes
                0x000000000000033f       0x3b ./bin/lib/ti/platform/release/libplatform.a(dmtimer.o)
 .ARM.attributes
                0x000000000000037a       0x3b ./bin/lib/ti/system_config/release/libsystem_config.a(cache.o)

.debug_frame    0x0000000000000000      0xe24
 .debug_frame   0x0000000000000000       0x64 main.o
 .debug_frame   0x0000000000000064      0x1e0 ./bin/lib/ti/drivers/release/libdrivers.a(gpio_v2.o)
 .debug_frame   0x0000000000000244       0x60 ./bin/lib/ti/platform/release/libplatform.a(gpio.o)
 .debug_frame   0x00000000000002a4       0x28 ./bin/lib/ti/system_config/release/libsystem_config.a(startup.o)
 .debug_frame   0x00000000000002cc      0x238 ./bin/lib/ti/system_config/release/libsystem_config.a(interrupt.o)
 .debug_frame   0x0000000000000504       0x90 ./bin/lib/ti/system_config/release/libsystem_config.a(cpu.o)
 .debug_frame   0x0000000000000594       0x68 ./bin/lib/rtos/release/librtos.a(portISR.o)
 .debug_frame   0x00000000000005fc      0x3fc ./bin/lib/rtos/release/librtos.a(tasks.o)
 .debug_frame   0x00000000000009f8       0x58 ./bin/lib/rtos/release/librtos.a(heap_1.o)
 .debug_frame   0x0000000000000a50       0x68 ./bin/lib/rtos/release/librtos.a(list.o)
 .debug_frame   0x0000000000000ab8       0x4c ./bin/lib/rtos/release/librtos.a(port.o)
 .debug_frame   0x0000000000000b04      0x1b0 ./bin/lib/ti/drivers/release/libdrivers.a(dmtimer.o)
 .debug_frame   0x0000000000000cb4       0x70 ./bin/lib/ti/platform/release/libplatform.a(dmtimer.o)
 .debug_frame   0x0000000000000d24      0x100 ./bin/lib/ti/system_config/release/libsystem_config.a(cache.o)
